// Jest Snapshot v1, https://goo.gl/fbAQLP

exports[`We can render a Home component renders correctly 1`] = `
<div
  className={undefined}
>
  <h2>
    RE03 Example
  </h2>
  <div
    className="row"
  >
    <div
      className="col-md-4"
    >
      Uses React for presentation
    </div>
    <div
      className="col-md-4"
    >
      Uses Redux for data management
    </div>
    <div
      className="col-md-4"
    >
      Uses Node backend, with NEDB as proxy database
    </div>
  </div>
</div>
`;
